// Jest Snapshot v1, https://goo.gl/fbAQLP

exports[`App matches snapshot 1`] = `
<div>
  <div
    class="sc-bdvvtL fwpLXR App"
  >
    <h1>
      Moonpig
    </h1>
  </div>
</div>
`;
